---
source: tests/files.rs
expression: visualization.result
---
@main(v0: bool) {
.b1_:
  c2_: int = const 1;
  v3_: ptr<int> = alloc c2_;
  br v0 .b4_ .b5_;
.b4_:
  c6_: int = const 2;
  store v3_ c6_;
  v7_: ptr<int> = id v3_;
  v8_: int = load v3_;
  v9_: int = load v3_;
  print v8_;
  free v3_;
  ret;
.b5_:
  c10_: int = const 3;
  store v3_ c10_;
  v7_: ptr<int> = id v3_;
.b11_:
  v8_: int = load v3_;
  v9_: int = load v3_;
  print v8_;
  free v3_;
}
