---
source: tests/files.rs
expression: visualization.result
---
@main(v0: int) {
.b1_:
  c2_: bool = const true;
  print c2_;
}
