---
source: tests/files.rs
expression: visualization.result
---
main {
block:
 cond: bool = lt x x;
 if cond:
  a: int = const 1;
  print a;
 else:
  a: int = const 2;
  print a;

return
}
