---
source: tests/files.rs
expression: visualization.result
---
# ARGS: 20
@main(v0: int) {
.b1_:
  c2_: int = const 5;
  v3_: int = mul c2_ v0;
  c4_: int = const 0;
  v5_: bool = lt c4_ v0;
  br v5_ .b6_ .b7_;
.b6_:
  c8_: int = const 20;
  print c8_;
  v9_: int = id v3_;
  print v3_;
  ret;
  jmp .b10_;
.b7_:
  c11_: int = const 20;
  print c11_;
  v9_: int = id v3_;
  print v3_;
  ret;
.b10_:
}
