---
source: tests/files.rs
expression: visualization.result
---
@main(v0: int) {
  v1_: int = const 3;
  v2_: int = add v0 v1_;
  v3_: int = const 0;
  v4_: int = const 21;
  v5_: int = id v1_;
  v6_: int = id v2_;
  v7_: int = id v3_;
  v8_: int = id v0;
  v9_: int = id v4_;
.v10_:
  print v9_;
  v11_: int = const 1;
  v12_: int = add v11_ v5_;
  v13_: int = add v7_ v9_;
  v14_: int = const 7;
  v15_: int = add v14_ v5_;
  v16_: bool = lt v5_ v8_;
  v5_: int = id v12_;
  v6_: int = id v6_;
  v7_: int = id v13_;
  v8_: int = id v8_;
  v9_: int = id v15_;
  br v16_ .v10_ .v17_;
.v17_:
  print v7_;
  print v6_;
  print v5_;
}
