---
source: tests/files.rs
expression: visualization.result
---
# ARGS: 
@main {
.b0_:
  c1_: int = const 0;
  c2_: int = const 1;
  c3_: int = const 5;
  c4_: int = const 300;
  v5_: int = id c1_;
  v6_: int = id c2_;
  v7_: int = id c1_;
  v8_: int = id c3_;
  v9_: int = id c4_;
.b10_:
  v11_: int = mul v7_ v8_;
  print v11_;
  v12_: int = add v5_ v6_;
  v13_: int = add v6_ v7_;
  v14_: bool = lt v12_ v9_;
  v5_: int = id v12_;
  v6_: int = id v6_;
  v7_: int = id v13_;
  v8_: int = id v8_;
  v9_: int = id v9_;
  br v14_ .b10_ .b15_;
.b15_:
  ret;
}
