---
source: tests/files.rs
expression: visualization.result
---
@main(v0: int) {
  v1_: int = const 1;
  v2_: int = id v1_;
  v3_: int = id v0;
.v4_:
  v5_: int = add v2_ v2_;
  v6_: int = const 10;
  v7_: bool = lt v2_ v6_;
  v2_: int = id v5_;
  v3_: int = id v3_;
  br v7_ .v4_ .v8_;
.v8_:
  v9_: int = add v2_ v3_;
  print v9_;
}
