---
source: tests/files.rs
expression: visualization.result
---
# ARGS: 
@to_zero(v0: int): int {
  c1_: int = const 0;
  v2_: bool = lt c1_ v0;
  v3_: int = id v0;
  br v2_ .b4_ .b5_;
.b4_:
  v6_: int = id v0;
.b7_:
  c8_: int = const 1;
  v9_: int = sub v6_ c8_;
  c10_: int = const 0;
  v11_: bool = lt c10_ v9_;
  v6_: int = id v9_;
  br v11_ .b7_ .b12_;
.b12_:
  v3_: int = id v6_;
  ret v3_;
  jmp .b13_;
.b5_:
  ret v3_;
.b13_:
}
@main {
  c0_: int = const 1;
  v1_: int = id c0_;
.b2_:
  c3_: int = const 1;
  v4_: int = sub v1_ c3_;
  c5_: int = const 0;
  v6_: bool = lt c5_ v4_;
  v1_: int = id v4_;
  br v6_ .b2_ .b7_;
.b7_:
  print v1_;
  ret;
}
