---
source: tests/files.rs
expression: visualization.result
---
main {
block:
 y: int = const 2;
 z: int = const 3;
 a: bool = lt x y;
 b: bool = lt y z;
 c: bool = and a b;
 if c:
  print x;
 else:
  print y;
print z;
return
}
