---
source: tests/files.rs
expression: visualization.result
---
# ARGS: 40
@main(v0: int) {
.b1_:
  c2_: int = const 0;
  v3_: bool = lt c2_ v0;
  c4_: int = const 1;
  v5_: int = id c2_;
  v6_: int = id c2_;
  v7_: int = id c4_;
  v8_: int = id v0;
  v9_: int = id c2_;
  br v3_ .b10_ .b11_;
.b10_:
  v12_: int = id c2_;
  v13_: int = id c2_;
  v14_: int = id c4_;
  v15_: int = id v0;
  v16_: int = id c2_;
.b17_:
  print v13_;
  v18_: int = add v12_ v14_;
  v19_: int = add v13_ v14_;
  v20_: bool = lt v19_ v15_;
  v12_: int = id v18_;
  v13_: int = id v19_;
  v14_: int = id v14_;
  v15_: int = id v15_;
  v16_: int = id v16_;
  br v20_ .b17_ .b21_;
.b21_:
  v5_: int = id v12_;
  v6_: int = id v13_;
  v7_: int = id v14_;
  v8_: int = id v15_;
  v9_: int = id v16_;
  print v5_;
  ret;
  jmp .b22_;
.b11_:
  print v5_;
  ret;
.b22_:
}
