---
source: tests/files.rs
expression: visualization.result
---
# ARGS: 
@inc(v0: int): int {
.b1_:
  c2_: int = const 2;
  v3_: bool = lt v0 c2_;
  v4_: int = id v0;
  br v3_ .b5_ .b6_;
.b5_:
  v7_: int = id v0;
.b8_:
  c9_: int = const 1;
  v10_: int = add c9_ v7_;
  print v10_;
  c11_: int = const 2;
  v12_: bool = lt v10_ c11_;
  v7_: int = id v10_;
  br v12_ .b8_ .b13_;
.b13_:
  v4_: int = id v7_;
  ret v4_;
  jmp .b14_;
.b6_:
  ret v4_;
.b14_:
}
@main {
.b0_:
  c1_: int = const 0;
  v2_: int = id c1_;
.b3_:
  c4_: int = const 1;
  v5_: int = add c4_ v2_;
  print v5_;
  c6_: int = const 2;
  v7_: bool = lt v5_ c6_;
  v2_: int = id v5_;
  br v7_ .b3_ .b8_;
.b8_:
  print v2_;
  ret;
}
