---
source: tests/files.rs
expression: visualization.result
---
main {
block:
 x: int = const 4;
 cond: bool = lt x y;
 if cond:

 else:
  a: int = const 1;
a: int = const 1;
print x;
return
}
