---
source: tests/files.rs
expression: visualization.result
---
@main {
  v0_: int = const 0;
  v1_: int = id v0_;
.v2_:
  v3_: int = const 5;
  v4_: bool = lt v1_ v3_;
  br v4_ .v5_ .v6_;
.v5_:
  v7_: int = const 1;
  print v7_;
  v8_: int = id v1_;
.v9_:
  v10_: int = const 1;
  v11_: int = add v10_ v1_;
  v12_: int = const 6;
  v13_: bool = lt v1_ v12_;
  v1_: int = id v11_;
  br v13_ .v2_ .v14_;
.v6_:
  v15_: int = const 2;
  print v15_;
  v8_: int = id v1_;
  jmp .v9_;
.v14_:
  print v1_;
}
