---
source: tests/files.rs
expression: visualization.result
---
@main(v0: int, v1: int) {
  v4: int = const 0;
  v6: int = const 1;
  v10: int = id v4;
  v11: int = id v6;
  v12: int = id v1;
  v13: int = id v0;
  jmp .__15__;
.__117__:
  v10: int = id v32;
  v11: int = id v34;
  v12: int = id v35;
  v13: int = id v36;
  br v17 .__15__ .__125__;
.__106__:
  v109: int = add v10 v11;
  v111: bool = const true;
  v32: int = id v109;
  v33: bool = id v111;
  v34: int = id v11;
  v35: int = id v48;
  v36: int = id v49;
  jmp .__117__;
.__97__:
  v45: int = id v45;
  v46: int = id v46;
  v47: int = id v73;
  v48: int = id v74;
  v49: int = id v75;
  br v53 .__51__ .__106__;
.__77__:
  v79: int = mul v45 v48;
  v82: int = add v79 v47;
  print v82;
  v88: bool = const true;
  v92: int = add v47 v46;
  v70: int = id v45;
  v71: int = id v46;
  v72: bool = id v88;
  v73: int = id v92;
  v74: int = id v48;
  v75: int = id v49;
  jmp .__97__;
.__62__:
  v65: bool = const false;
  v70: int = id v45;
  v71: int = id v46;
  v72: bool = id v65;
  v73: int = id v47;
  v74: int = id v48;
  v75: int = id v49;
  jmp .__97__;
.__51__:
  v53: bool = lt v47 v48;
  br v53 .__77__ .__62__;
.__38__:
  v41: int = const 0;
  v45: int = id v10;
  v46: int = id v11;
  v47: int = id v41;
  v48: int = id v12;
  v49: int = id v13;
  jmp .__51__;
.__25__:
  v27: bool = const false;
  v32: int = id v10;
  v33: bool = id v27;
  v34: int = id v11;
  v35: int = id v12;
  v36: int = id v13;
  jmp .__117__;
.__15__:
  v17: bool = lt v10 v13;
  br v17 .__38__ .__25__;
.__125__:
  print v10;
}

