---
source: tests/files.rs
expression: visualization.result
---
# ARGS: 20 30
@main(v0: int, v1: int) {
.b2_:
  v3_: bool = gt v0 v1;
  v4_: int = select v3_ v0 v1;
  print v4_;
  ret;
}
