---
source: tests/files.rs
expression: visualization.result
---
# ARGS: 1
@main(v0: int) {
.b1_:
  c2_: int = const 10;
  v3_: bool = lt v0 c2_;
  c4_: int = const 2;
  c5_: int = const 3;
  v6_: int = select v3_ c4_ c5_;
  v7_: int = add v6_ v6_;
  print v7_;
  ret;
}
