---
source: tests/files.rs
expression: visualization.result
---
# ARGS: 
@main {
.b0_:
  c1_: int = const 0;
  c2_: int = const 1;
  c3_: int = const 3;
  c4_: int = const 150;
  c5_: int = const 5;
  c6_: int = const 300;
  v7_: int = id c1_;
  v8_: int = id c2_;
  v9_: int = id c1_;
  v10_: int = id c3_;
  v11_: int = id c4_;
  v12_: int = id c5_;
  v13_: int = id c6_;
.b14_:
  v15_: bool = lt v7_ v13_;
  v16_: int = id v7_;
  v17_: int = id v8_;
  v18_: int = id v9_;
  v19_: int = id v10_;
  v20_: int = id v11_;
  v21_: int = id v12_;
  v22_: int = id v13_;
  br v15_ .b23_ .b24_;
.b23_:
  v25_: int = mul v12_ v9_;
  print v25_;
  v26_: int = add v7_ v8_;
  v27_: bool = eq v11_ v7_;
  v28_: int = add v8_ v9_;
  v29_: int = add v10_ v28_;
  v30_: int = select v27_ v29_ v28_;
  v16_: int = id v26_;
  v17_: int = id v8_;
  v18_: int = id v30_;
  v19_: int = id v10_;
  v20_: int = id v11_;
  v21_: int = id v12_;
  v22_: int = id v13_;
  v7_: int = id v16_;
  v8_: int = id v17_;
  v9_: int = id v18_;
  v10_: int = id v19_;
  v11_: int = id v20_;
  v12_: int = id v21_;
  v13_: int = id v22_;
  jmp .b14_;
.b24_:
  v7_: int = id v16_;
  v8_: int = id v17_;
  v9_: int = id v18_;
  v10_: int = id v19_;
  v11_: int = id v20_;
  v12_: int = id v21_;
  v13_: int = id v22_;
  ret;
}
