---
source: src/rvsdg/optimize_direct_jumps.rs
expression: cfg.optimize_jumps().to_bril().to_string()
---
@main {
.exit___:
  v0: int = const 1;
  v1: int = const 2;
  v2: int = add v0 v1;
  print v2;
  ret;
}
